// Jest Snapshot v1, https://goo.gl/fbAQLP

exports[`BaseScreen Component Tests should render itself and children 1`] = `
Array [
  <BVLinearGradient
    colors={
      Array [
        4280405859,
        4280405859,
        4280202326,
      ]
    }
    endPoint={
      Object {
        "x": 0.5,
        "y": 1,
      }
    }
    locations={null}
    startPoint={
      Object {
        "x": 0.5,
        "y": 0,
      }
    }
    style={
      Object {
        "bottom": 0,
        "left": 0,
        "position": "absolute",
        "right": 0,
        "top": 0,
      }
    }
  />,
  <RCTScrollView
    automaticallyAdjustContentInsets={false}
    contentContainerStyle={
      Array [
        Object {
          "flexGrow": 1,
        },
        undefined,
      ]
    }
    contentInset={
      Object {
        "bottom": 0,
      }
    }
    enableAutomaticScroll={true}
    enableOnAndroid={false}
    enableResetScrollToCoords={true}
    extraHeight={75}
    extraScrollHeight={0}
    getScrollResponder={[Function]}
    handleOnScroll={[Function]}
    keyboardDismissMode="interactive"
    keyboardOpeningTime={250}
    keyboardShouldPersistTaps="handled"
    keyboardSpace={0}
    onScroll={[Function]}
    resetKeyboardSpace={[Function]}
    scrollEventThrottle={1}
    scrollForExtraHeightOnAndroid={[Function]}
    scrollIntoView={[Function]}
    scrollToEnd={[Function]}
    scrollToFocusedInput={[Function]}
    scrollToPosition={[Function]}
    showsVerticalScrollIndicator={true}
    update={[Function]}
    viewIsInsideTabBar={false}
  >
    <View>
      <Text>
        Body
      </Text>
    </View>
  </RCTScrollView>,
]
`;
